
> iron-diary-astro-frontend@0.0.1 build
> astro build

[2m18:14:51[22m [34m[content][39m Syncing content
[2m18:14:51[22m [34m[content][39m Synced content
[2m18:14:51[22m [34m[types][39m Generated [2m43ms[22m
[2m18:14:51[22m [34m[build][39m output: [34m"static"[39m
[2m18:14:51[22m [34m[build][39m mode: [34m"static"[39m
[2m18:14:51[22m [34m[build][39m directory: [34mC:\Users\FX506\Documents\iron-diary-astro\frontend\dist\[39m
[2m18:14:51[22m [34m[build][39m Collecting build info...
[2m18:14:51[22m [34m[build][39m [32m✓ Completed in 64ms.[39m
[2m18:14:51[22m [34m[build][39m Building static entrypoints...
[2m18:14:51[22m [34m[vite][39m [32m✓ built in 818ms[39m
[2m18:14:51[22m [34m[build][39m [32m✓ Completed in 861ms.[39m

[42m[30m building client (vite) [39m[49m
[2m18:14:51[22m [34m[vite][39m transforming...
[2m18:14:52[22m [34m[vite][39m [32m✓[39m 14 modules transformed.
node.exe : [31m[1m1
8:14:52[22m [ERROR] 
[vite][39m 
[31m✗[39m Build 
failed in 137ms
At C:\Program Files\n
odejs\npm.ps1:29 
char:3
+   & $NODE_EXE 
$NPM_CLI_JS $args
+   ~~~~~~~~~~~~~~~~~
~~~~~~~~~~~~
    + CategoryInfo   
           : NotSpe  
  cified: ([31m[   
 1m18:14:...faile    
d in 137ms:Strin    
g) [], RemoteExc    
eption
    + FullyQualified 
   ErrorId : Native  
  CommandError
 
[vite]: Rollup 
failed to resolve 
import "/supabase-cli
ent.js" from "C:/User
s/FX506/Documents/iro
n-diary-astro/fronten
d/src/lib/session-man
ager.js".
This is most likely 
unintended because 
it can break your 
application at 
runtime.
If you do want to 
externalize this 
module explicitly 
add it to
`build.rollupOptions.
external`
  [1mStack 
trace:[22m
[2m    at viteLog (f
ile:///C:/Users/FX506
/Documents/iron-diary
-astro/frontend/node_
modules/vite/dist/nod
e/chunks/dep-D4NMHUTW
.js:46374:15)
    at onwarn (file:/
//C:/Users/FX506/Docu
ments/iron-diary-astr
o/frontend/node_modul
es/@vitejs/plugin-rea
ct/dist/index.js:90:7
)
    at onRollupLog (f
ile:///C:/Users/FX506
/Documents/iron-diary
-astro/frontend/node_
modules/vite/dist/nod
e/chunks/dep-D4NMHUTW
.js:46422:5)
    at file:///C:/Use
rs/FX506/Documents/ir
on-diary-astro/fronte
nd/node_modules/rollu
p/dist/es/shared/node
-entry.js:20981:32
    at ModuleLoader.h
andleInvalidResolvedI
d (file:///C:/Users/F
X506/Documents/iron-d
iary-astro/frontend/n
ode_modules/rollup/di
st/es/shared/node-ent
ry.js:21712:26)[22m
